// Jest Snapshot v1, https://goo.gl/fbAQLP

exports[`App tests render correctly to matchsnapshot 1`] = `
<div>
  <Navbar
    bg="dark"
    collapseOnSelect={false}
    expand={true}
    sticky="top"
    variant="dark"
  >
    <Container
      fluid={false}
    >
      <NavbarBrand>
        Ajaib Random User
      </NavbarBrand>
      <NavbarToggle
        label="Toggle navigation"
      />
    </Container>
  </Navbar>
  <div
    style={
      Object {
        "display": "flex",
        "margin": "30px",
      }
    }
  >
    <Form
      className="d-flex"
    >
      <FormControl
        aria-label="Search"
        className="me-2"
        onChange={[Function]}
        placeholder="Search"
        type="search"
        value=""
      />
      <Button
        active={false}
        disabled={false}
        onClick={[Function]}
        variant="outline-success"
      >
        Search
      </Button>
    </Form>
    <Dropdown
      align="start"
      autoClose={true}
      navbar={false}
      style={
        Object {
          "marginLeft": "30px",
        }
      }
    >
      <DropdownToggle
        variant="secondary"
      >
        All Gender
      </DropdownToggle>
      <DropdownMenu
        flip={true}
        variant="dark"
      >
        <DropdownItem
          onClick={[Function]}
        >
          Female
        </DropdownItem>
        <DropdownItem
          onClick={[Function]}
        >
          Male
        </DropdownItem>
      </DropdownMenu>
    </Dropdown>
    <Button
      active={false}
      disabled={false}
      onClick={[Function]}
      style={
        Object {
          "marginLeft": "10px",
        }
      }
      variant="secondary"
    >
      Reset Filter
    </Button>
  </div>
  <div
    style={
      Object {
        "alignItems": "center",
        "justifyContent": "center",
        "margin": "30px",
      }
    }
  >
    <InfiniteScroll
      dataLength={1}
      hasMore={false}
      loader={
        <TailSpin
          color="blue"
          height={100}
          type="TailSpin"
          width={100}
        />
      }
      next={[Function]}
    >
      <ForwardRef
        bordered={true}
        striped={true}
      >
        <thead>
          <tr>
            <th>
              Username
            </th>
            <th>
              Name 
              <FontAwesomeIcon
                beat={false}
                beatFade={false}
                border={false}
                bounce={false}
                className=""
                fade={false}
                fixedWidth={false}
                flip={null}
                icon={
                  Object {
                    "icon": Array [
                      320,
                      512,
                      Array [
                        "unsorted",
                      ],
                      "f0dc",
                      "M27.66 224h264.7c24.6 0 36.89-29.78 19.54-47.12l-132.3-136.8c-5.406-5.406-12.47-8.107-19.53-8.107c-7.055 0-14.09 2.701-19.45 8.107L8.119 176.9C-9.229 194.2 3.055 224 27.66 224zM292.3 288H27.66c-24.6 0-36.89 29.77-19.54 47.12l132.5 136.8C145.9 477.3 152.1 480 160 480c7.053 0 14.12-2.703 19.53-8.109l132.3-136.8C329.2 317.8 316.9 288 292.3 288z",
                    ],
                    "iconName": "sort",
                    "prefix": "fas",
                  }
                }
                inverse={false}
                listItem={false}
                mask={null}
                maskId={null}
                onClick={[Function]}
                pull={null}
                pulse={false}
                rotation={null}
                shake={false}
                size={null}
                spin={false}
                swapOpacity={false}
                symbol={false}
                title=""
                titleId={null}
                transform={null}
              />
            </th>
            <th>
              Email 
              <FontAwesomeIcon
                beat={false}
                beatFade={false}
                border={false}
                bounce={false}
                className=""
                fade={false}
                fixedWidth={false}
                flip={null}
                icon={
                  Object {
                    "icon": Array [
                      320,
                      512,
                      Array [
                        "unsorted",
                      ],
                      "f0dc",
                      "M27.66 224h264.7c24.6 0 36.89-29.78 19.54-47.12l-132.3-136.8c-5.406-5.406-12.47-8.107-19.53-8.107c-7.055 0-14.09 2.701-19.45 8.107L8.119 176.9C-9.229 194.2 3.055 224 27.66 224zM292.3 288H27.66c-24.6 0-36.89 29.77-19.54 47.12l132.5 136.8C145.9 477.3 152.1 480 160 480c7.053 0 14.12-2.703 19.53-8.109l132.3-136.8C329.2 317.8 316.9 288 292.3 288z",
                    ],
                    "iconName": "sort",
                    "prefix": "fas",
                  }
                }
                inverse={false}
                listItem={false}
                mask={null}
                maskId={null}
                onClick={[Function]}
                pull={null}
                pulse={false}
                rotation={null}
                shake={false}
                size={null}
                spin={false}
                swapOpacity={false}
                symbol={false}
                title=""
                titleId={null}
                transform={null}
              />
            </th>
            <th>
              Gender 
              <FontAwesomeIcon
                beat={false}
                beatFade={false}
                border={false}
                bounce={false}
                className=""
                fade={false}
                fixedWidth={false}
                flip={null}
                icon={
                  Object {
                    "icon": Array [
                      320,
                      512,
                      Array [
                        "unsorted",
                      ],
                      "f0dc",
                      "M27.66 224h264.7c24.6 0 36.89-29.78 19.54-47.12l-132.3-136.8c-5.406-5.406-12.47-8.107-19.53-8.107c-7.055 0-14.09 2.701-19.45 8.107L8.119 176.9C-9.229 194.2 3.055 224 27.66 224zM292.3 288H27.66c-24.6 0-36.89 29.77-19.54 47.12l132.5 136.8C145.9 477.3 152.1 480 160 480c7.053 0 14.12-2.703 19.53-8.109l132.3-136.8C329.2 317.8 316.9 288 292.3 288z",
                    ],
                    "iconName": "sort",
                    "prefix": "fas",
                  }
                }
                inverse={false}
                listItem={false}
                mask={null}
                maskId={null}
                onClick={[Function]}
                pull={null}
                pulse={false}
                rotation={null}
                shake={false}
                size={null}
                spin={false}
                swapOpacity={false}
                symbol={false}
                title=""
                titleId={null}
                transform={null}
              />
            </th>
            <th>
              Registered Date 
              <FontAwesomeIcon
                beat={false}
                beatFade={false}
                border={false}
                bounce={false}
                className=""
                fade={false}
                fixedWidth={false}
                flip={null}
                icon={
                  Object {
                    "icon": Array [
                      320,
                      512,
                      Array [
                        "unsorted",
                      ],
                      "f0dc",
                      "M27.66 224h264.7c24.6 0 36.89-29.78 19.54-47.12l-132.3-136.8c-5.406-5.406-12.47-8.107-19.53-8.107c-7.055 0-14.09 2.701-19.45 8.107L8.119 176.9C-9.229 194.2 3.055 224 27.66 224zM292.3 288H27.66c-24.6 0-36.89 29.77-19.54 47.12l132.5 136.8C145.9 477.3 152.1 480 160 480c7.053 0 14.12-2.703 19.53-8.109l132.3-136.8C329.2 317.8 316.9 288 292.3 288z",
                    ],
                    "iconName": "sort",
                    "prefix": "fas",
                  }
                }
                inverse={false}
                listItem={false}
                mask={null}
                maskId={null}
                onClick={[Function]}
                pull={null}
                pulse={false}
                rotation={null}
                shake={false}
                size={null}
                spin={false}
                swapOpacity={false}
                symbol={false}
                title=""
                titleId={null}
                transform={null}
              />
            </th>
          </tr>
        </thead>
        <tbody>
          <tr
            key="0"
          >
            <td />
            <td />
            <td />
            <td />
            <td>
              Invalid date
            </td>
          </tr>
        </tbody>
      </ForwardRef>
    </InfiniteScroll>
  </div>
</div>
`;
